START-OF-LOG: 2.0
ARRL-SECTION: DX
CALLSIGN: ER3AU
CLUB:  
CONTEST: DARC-WAEDC-CW
CATEGORY: SINGLE-OP-ASSISTED ALL LOW CW
CATEGORY-OVERLAY: TB-WIRES
CLAIMED-SCORE: 8635
OPERATORS: ER3AU
NAME: Vladimir Kuroedov
ADDRESS: 
ADDRESS: ,  
ADDRESS: Moldova
CREATED-BY: N1MM Logger+ 1.0.5061.0
QSO: 21001 CW 2015-08-08 1127 ER3AU         599 0001   CN3A          599 0957 
QSO: 21001 CW 2015-08-08 1129 ER3AU         599 0002   JE1ZWT        599 0132 
QSO: 21024 CW 2015-08-08 1134 ER3AU         599 0003   RA0AY         599 0203 
QSO: 21023 CW 2015-08-08 1136 ER3AU         599 0004   EA8RM         599 0623 
QSO: 21025 CW 2015-08-08 1138 ER3AU         599 0005   4J6RO         599 0428 
QSO: 21002 CW 2015-08-08 1311 ER3AU         599 0006   K1LZ          599 0631 
QSO: 14005 CW 2015-08-08 1312 ER3AU         599 0007   K1LZ          599 0632 
QSO: 21003 CW 2015-08-08 1315 ER3AU         599 0008   NY4A          599 0608 
QSO: 21008 CW 2015-08-08 1326 ER3AU         599 0009   CR3L          599 0533 
QSO: 21012 CW 2015-08-08 1327 ER3AU         599 0010   A65BP         599 0809 
QSO: 21013 CW 2015-08-08 1332 ER3AU         599 0011   P3F           599 1031 
QSO: 21000 CW 2015-08-08 1349 ER3AU         599 0012   VY2ZM         599 0720 
QSO: 21006 CW 2015-08-08 1350 ER3AU         599 0013   4S7KM         599 0171 
QSO: 28030 CW 2015-08-08 1354 ER3AU         599 0014   CN3A          599 1149 
QSO: 28023 CW 2015-08-08 1403 ER3AU         599 0015   PY1NX         599 0505 
QSO: 14058 CW 2015-08-08 1526 ER3AU         599 0016   R8CT          599 0744 
QSO: 14058 CW 2015-08-08 1528 ER3AU         599 0017   RA9DZ         599 0512 
QSO: 14058 CW 2015-08-08 1530 ER3AU         599 0018   JA1BJI        599 0268 
QSO: 14058 CW 2015-08-08 1530 ER3AU         599 0019   CN3A          599 1280 
QSO: 14058 CW 2015-08-08 1532 ER3AU         599 0020   A65BP         599 0971 
QSO: 14058 CW 2015-08-08 1537 ER3AU         599 0021   K1MK          599 0305 
QSO: 14058 CW 2015-08-08 1537 ER3AU         599 0022   UF8T          599 0369 
QSO: 14058 CW 2015-08-08 1540 ER3AU         599 0023   4Z4DX         599 0281 
QSO: 14058 CW 2015-08-08 1541 ER3AU         599 0024   UP0L          599 0893 
QSO: 14058 CW 2015-08-08 1542 ER3AU         599 0025   R9RT          599 0100 
QSO: 14058 CW 2015-08-08 1607 ER3AU         599 0026   RC9O          599 0655 
QSO: 14058 CW 2015-08-08 1617 ER3AU         599 0027   VA2WA         599 0503 
QSO: 14058 CW 2015-08-08 1618 ER3AU         599 0028   RW0AJ         599 0408 
QSO: 14058 CW 2015-08-08 1618 ER3AU         599 0029   VY2ZM         599 0859 
QSO: 14058 CW 2015-08-08 1619 ER3AU         599 0030   4L8A          599 1110 
QSO: 14058 CW 2015-08-08 1619 ER3AU         599 0031   JP7DKQ        599 0235 
QSO: 14058 CW 2015-08-08 1620 ER3AU         599 0032   VE3AT         599 0648 
QSO: 14058 CW 2015-08-08 1621 ER3AU         599 0033   N1RR          599 0663 
QSO: 14058 CW 2015-08-08 1622 ER3AU         599 0034   K2QMF         599 0164 
QSO: 14058 CW 2015-08-08 1625 ER3AU         599 0035   W1VE          599 0538 
QSO: 14058 CW 2015-08-08 1627 ER3AU         599 0036   K5ZD          599 0590 
QSO: 14058 CW 2015-08-08 1629 ER3AU         599 0037   RA0AY         599 0446 
QSO: 14058 CW 2015-08-08 1632 ER3AU         599 0038   4J6RO         599 0561 
QSO: 21003 CW 2015-08-08 1702 ER3AU         599 0039   4X6FR         599 0751 
QSO:  7010 CW 2015-08-08 1730 ER3AU         599 0040   RM9RZ         599 0364 
QSO:  7020 CW 2015-08-08 1731 ER3AU         599 0041   RC9O          599 0713 
QSO:  7021 CW 2015-08-08 1734 ER3AU         599 0042   ZM1A          599 0356 
QSO:  7015 CW 2015-08-08 1736 ER3AU         599 0043   RW0AJ         599 0464 
QSO:  7030 CW 2015-08-08 1739 ER3AU         599 0044   RM9I          599 0710 
QSO: 14055 CW 2015-08-08 1740 ER3AU         599 0045   RM9I          599 0711 
QSO:  7026 CW 2015-08-08 1743 ER3AU         599 0046   JL1QOC        599 0262 
QSO:  7023 CW 2015-08-08 1748 ER3AU         599 0047   RM9A          599 1261 
QSO:  7017 CW 2015-08-08 1803 ER3AU         599 0048   9M2CNC        599 0608 
QSO:  7018 CW 2015-08-08 1807 ER3AU         599 0049   VK3JA         599 0383 
QSO:  7019 CW 2015-08-08 1810 ER3AU         599 0050   JE1ZWT        599 0460 
QSO:  7023 CW 2015-08-08 1812 ER3AU         599 0051   UA9MA         599 0537 
QSO:  7025 CW 2015-08-08 1813 ER3AU         599 0052   RC9J          599 0694 
QSO:  7026 CW 2015-08-08 1814 ER3AU         599 0053   RL9I          599 0187 
QSO:  7027 CW 2015-08-08 1815 ER3AU         599 0054   A65BP         599 1191 
QSO:  7028 CW 2015-08-08 1816 ER3AU         599 0055   JH4UTP        599 0504 
QSO:  7029 CW 2015-08-08 1817 ER3AU         599 0056   RT9S          599 0847 
QSO: 14052 CW 2015-08-08 1818 ER3AU         599 0057   RT9S          599 0848 
QSO: 21000 CW 2015-08-08 1820 ER3AU         599 0058   K3CR          599 0660 
QSO: 14056 CW 2015-08-08 1820 ER3AU         599 0059   K3CR          599 6613 
QSO:  7032 CW 2015-08-08 1824 ER3AU         599 0060   UI8CM         599 0030 
QSO:  7030 CW 2015-08-08 1828 ER3AU         599 0061   UP4L          599 0174 
QSO:  7024 CW 2015-08-08 1853 ER3AU         599 0062   RA0AY         599 0574 
QSO:  7015 CW 2015-08-08 1856 ER3AU         599 0063   4L8A          599 1307 
QSO:  7013 CW 2015-08-08 1856 ER3AU         599 0064   RW9QA         599 0272 
QSO:  7035 CW 2015-08-08 1902 ER3AU         599 0065   JM1NKT        599 0074 
QSO:  7023 CW 2015-08-08 1913 ER3AU         599 0066   RF9C          599 0434 
QSO:  7027 CW 2015-08-08 1914 ER3AU         599 0067   4Z5ML         599 0223 
QSO:  7014 CW 2015-08-08 1915 ER3AU         599 0068   P3F           599 1426 
QSO:  7010 CW 2015-08-08 1916 ER3AU         599 0069   4Z5TK         599 0294 
QSO:  7008 CW 2015-08-08 1917 ER3AU         599 0070   UP0L          599 1063 
QSO:  7021 CW 2015-08-08 1925 ER3AU         599 0071   JA1BJI        599 0392 
QSO:  7019 CW 2015-08-08 1926 ER3AU         599 0072   JR2SCJ        599 0551 
QSO:  7009 CW 2015-08-08 1929 ER3AU         599 0073   JH1GBZ        599 0688 
QSO:  7005 CW 2015-08-08 1931 ER3AU         599 0074   RA9DZ         599 0648 
QSO:  7012 CW 2015-08-08 1933 ER3AU         599 0075   RA9AP         599 0802 
QSO:  7035 CW 2015-08-08 1948 ER3AU         599 0076   UA9CTT        599 0290 
QSO:  3515 CW 2015-08-08 1952 ER3AU         599 0077   RC9O          599 0868 
QSO:  3517 CW 2015-08-08 1953 ER3AU         599 0078   RC9J          599 0789 
QSO:  3521 CW 2015-08-08 1958 ER3AU         599 0079   R8CT          599 0824 
QSO:  3521 CW 2015-08-08 1959 ER3AU         599 0080   RM9A          599 1399 
QSO:  3521 CW 2015-08-08 2000 ER3AU         599 0081   UA9MA         599 0667 
QSO:  3521 CW 2015-08-08 2001 ER3AU         599 0082   RM9RZ         599 0501 
QSO:  3521 CW 2015-08-08 2005 ER3AU         599 0083   RA9AP         599 0833 
QSO:  3521 CW 2015-08-08 2005 ER3AU         599 0084   P3F           599 1502 
QSO:  3521 CW 2015-08-08 2007 ER3AU         599 0085   A65BP         599 1317 
QSO:  3520 CW 2015-08-08 2015 ER3AU         599 0086   4L8A          599 1438 
QSO:  3512 CW 2015-08-08 2024 ER3AU         599 0087   RW9QA         599 0315 
QSO:  7021 CW 2015-08-08 2029 ER3AU         599 0088   R8CT          599 0873 
QSO:  3530 CW 2015-08-08 2033 ER3AU         599 0089   RM9I          599 0923 
QSO:  3526 CW 2015-08-08 2035 ER3AU         599 0090   RT9S          599 0983 
QSO: 14000 CW 2015-08-08 2039 ER3AU         599 0091   N1UR          599 0813 
QSO: 14001 CW 2015-08-08 2040 ER3AU         599 0092   NP2X          599 1023 
QSO: 14025 CW 2015-08-08 2044 ER3AU         599 0093   KE3X          599 0617 
QSO: 14028 CW 2015-08-08 2045 ER3AU         599 0094   VE2FWW        599 0397 
QSO: 14032 CW 2015-08-08 2047 ER3AU         599 0095   VE2FK         599 0280 
QSO: 14037 CW 2015-08-08 2052 ER3AU         599 0096   K1RM          599 0278 
QSO: 14043 CW 2015-08-08 2055 ER3AU         599 0097   NP2P          599 0595 
QSO: 14057 CW 2015-08-08 2058 ER3AU         599 0098   YW4D          599 0686 
QSO: 14003 CW 2015-08-08 2104 ER3AU         599 0099   N2YO          599 0919 
QSO: 14007 CW 2015-08-08 2105 ER3AU         599 0100   NR3X          599 0651 
QSO: 14008 CW 2015-08-08 2106 ER3AU         599 0101   WX4G          599 0440 
QSO: 14009 CW 2015-08-08 2107 ER3AU         599 0102   W3FV          599 0455 
QSO: 14013 CW 2015-08-08 2107 ER3AU         599 0103   K1XM          599 0676 
QSO: 14027 CW 2015-08-08 2112 ER3AU         599 0104   PY1KS         599 0340 
QSO: 14036 CW 2015-08-08 2113 ER3AU         599 0105   NP4Z          599 0931 
QSO: 14049 CW 2015-08-08 2120 ER3AU         599 0106   VA2EW         599 0580 
QSO: 28015 CW 2015-08-09 0931 ER3AU         599 0107   5B4AIF        599 0500 
QSO: 28012 CW 2015-08-09 0943 ER3AU         599 0108   A65BP         599 1747 
QSO: 28032 CW 2015-08-09 0945 ER3AU         599 0109   E21EIC        599 0835 
QSO: 28009 CW 2015-08-09 0948 ER3AU         599 0110   4X6FR         599 1192 
QSO: 21005 CW 2015-08-09 1631 ER3AU         599 0111   K5YAA         599 0801 
QSO: 21005 CW 2015-08-09 1633 ER3AU         599 0112   NP2X          599 1592 
QSO: 21007 CW 2015-08-09 1645 ER3AU         599 0113   K1XM          599 1155 
QSO: 21002 CW 2015-08-09 1646 ER3AU         599 0114   N3RS          599 1492 
QSO: 14020 CW 2015-08-09 1647 ER3AU         599 0115   N3RS          599 1493 
QSO: 21001 CW 2015-08-09 1653 ER3AU         599 0116   N1UR          599 1342 
QSO: 21013 CW 2015-08-09 1657 ER3AU         599 0117   WA1Z          599 0169 
QSO: 21010 CW 2015-08-09 1659 ER3AU         599 0118   N3UA          599 0279 
QSO: 21009 CW 2015-08-09 1701 ER3AU         599 0119   K1RX          599 0734 
QSO: 21007 CW 2015-08-09 1702 ER3AU         599 0120   VA2EW         599 0950 
QSO: 21008 CW 2015-08-09 1703 ER3AU         599 0121   W9RE          599 1282 
QSO: 21014 CW 2015-08-09 1938 ER3AU         599 0122   NP4Z          599 1497 
QSO: 21020 CW 2015-08-09 1949 ER3AU         599 0123   VE3AT         599 1520 
QSO: 21028 CW 2015-08-09 1950 ER3AU         599 0124   AE1T          599 0086 
QSO: 21035 CW 2015-08-09 1952 ER3AU         599 0125   NP2P          599 1247 
QSO: 21037 CW 2015-08-09 1953 ER3AU         599 0126   K5WA          599 0817 
QSO: 21042 CW 2015-08-09 1956 ER3AU         599 0127   VE3MIS        599 0735 
QSO: 14005 CW 2015-08-09 2003 ER3AU         599 0128   WA1Z          599 1058 
QSO: 14007 CW 2015-08-09 2005 ER3AU         599 0129   N2NT          599 1603 
QSO: 14049 CW 2015-08-09 2011 ER3AU         599 0130   9M2/JE1SCJ    599 0535 
QSO: 14056 CW 2015-08-09 2014 ER3AU         599 0131   IH9/IK0PRG    599 0031 
QSO: 14064 CW 2015-08-09 2016 ER3AU         599 0132   PY4XX         599 0498 
QSO: 14059 CW 2015-08-09 2020 ER3AU         599 0133   PY1NX         599 1425 
QSO: 14052 CW 2015-08-09 2026 ER3AU         599 0134   E2X           599 0890 
QSO: 14047 CW 2015-08-09 2027 ER3AU         599 0135   PY5FB         599 1151 
QSO: 14041 CW 2015-08-09 2029 ER3AU         599 0136   7Z1SJ         599 1390 
QSO: 14038 CW 2015-08-09 2032 ER3AU         599 0137   E21EIC        599 1146 
QSO: 14033 CW 2015-08-09 2034 ER3AU         599 0138   N2MM          599 0377 
QSO: 14023 CW 2015-08-09 2036 ER3AU         599 0139   AD4Z          599 1051 
QSO: 14022 CW 2015-08-09 2039 ER3AU         599 0140   K1IMI         599 0849 
QSO: 14014 CW 2015-08-09 2045 ER3AU         599 0141   ZM1A          599 0871 
QSO:  7018 CW 2015-08-09 2049 ER3AU         599 0142   R8OA          599 0812 
QSO: 21007 CW 2015-08-09 2055 ER3AU         599 0143   AA3B          599 1564 
QSO: 21015 CW 2015-08-09 2057 ER3AU         599 0144   W4ML          599 0572 
QSO: 21017 CW 2015-08-09 2058 ER3AU         599 0145   K1ZZ          599 0793 
QSO: 21018 CW 2015-08-09 2059 ER3AU         599 0146   LT7H          599 0372 
QSO: 21025 CW 2015-08-09 2101 ER3AU         599 0147   N2NT          599 1644 
QSO: 21026 CW 2015-08-09 2102 ER3AU         599 0148   N1RR          599 1574 
QSO: 21020 CW 2015-08-09 2114 ER3AU         599 0149   KE3X          599 1145 
QSO: 14020 CW 2015-08-09 2120 ER3AU         599 0150   JH1GBZ        599 1224 
QSO: 14022 CW 2015-08-09 2121 ER3AU         599 0151   ZF2EE         599 0918 
QSO: 14031 CW 2015-08-09 2123 ER3AU         599 0152   VE2FU         599 0581 
QSO: 14032 CW 2015-08-09 2124 ER3AU         599 0153   PY2NY         599 1036 
QSO: 14039 CW 2015-08-09 2127 ER3AU         599 0154   JL1QOC        599 0589 
QSO: 14042 CW 2015-08-09 2129 ER3AU         599 0155   VE3DZ         599 0908 
QSO: 14046 CW 2015-08-09 2130 ER3AU         599 0156   NY4A          599 1749 
QSO: 14049 CW 2015-08-09 2130 ER3AU         599 0157   N3QE          599 0865 
END-OF-LOG:
